// Jest Snapshot v1, https://goo.gl/fbAQLP

exports[`<Justified /> should render and match snapshot 1`] = `
<styled.div>
  <styled.div
    key="0_0.5"
    padding="0.5% 0.5% 0.5% 0%"
    ratio={100}
    width={19.2}
  >
    <div>
      <styled.div>
        <styled.img
          key="/image/name/1"
          src="/image/name/1"
        />
      </styled.div>
    </div>
  </styled.div>
  <styled.div
    key="1_0.5"
    padding="0.5% 0.5% 0.5% 0.5%"
    ratio={100}
    width={19.2}
  >
    <div>
      <styled.div>
        <styled.img
          key="/image/name/1"
          src="/image/name/1"
        />
      </styled.div>
    </div>
  </styled.div>
  <styled.div
    key="2_0.5"
    padding="0.5% 0.5% 0.5% 0.5%"
    ratio={100}
    width={19.2}
  >
    <div>
      <styled.div>
        <styled.img
          key="/image/name/1"
          src="/image/name/1"
        />
      </styled.div>
    </div>
  </styled.div>
  <styled.div
    key="3_0.5"
    padding="0.5% 0.5% 0.5% 0.5%"
    ratio={100}
    width={19.2}
  >
    <div>
      <styled.div>
        <styled.img
          key="/image/name/1"
          src="/image/name/1"
        />
      </styled.div>
    </div>
  </styled.div>
</styled.div>
`;
